###############################################################################
#
# IAR ELF Linker V8.22.2.15995/W32 for ARM                19/Jun/2018  15:00:22
# Copyright 2007-2018 IAR Systems AB.
#
#    Output file  =  
#        D:\Desktop\DY_chassis\DY_CAR_TRACK_TEST2\Debug\Exe\DY_CAR.out
#    Map file     =  
#        D:\Desktop\DY_chassis\DY_CAR_TRACK_TEST2\Debug\List\DY_CAR.map
#    Command line =  
#        -f C:\Users\jrb\AppData\Local\Temp\EWEB79.tmp
#        (D:\Desktop\DY_chassis\DY_CAR_TRACK_TEST2\Debug\Obj\gpt.o
#        D:\Desktop\DY_chassis\DY_CAR_TRACK_TEST2\Debug\Obj\main.o
#        D:\Desktop\DY_chassis\DY_CAR_TRACK_TEST2\Debug\Obj\PID.o
#        D:\Desktop\DY_chassis\DY_CAR_TRACK_TEST2\Debug\Obj\pwm.o
#        D:\Desktop\DY_chassis\DY_CAR_TRACK_TEST2\Debug\Obj\qei.o
#        D:\Desktop\DY_chassis\DY_CAR_TRACK_TEST2\Debug\Obj\startup_msp432e401y_ewarm.o
#        D:\Desktop\DY_chassis\DY_CAR_TRACK_TEST2\Debug\Obj\system_msp432e401y.o
#        D:\Desktop\DY_chassis\DY_CAR_TRACK_TEST2\Debug\Obj\track.o
#        D:\Desktop\DY_chassis\DY_CAR_TRACK_TEST2\Debug\Obj\turn_ctrl.o
#        D:\Desktop\DY_chassis\DY_CAR_TRACK_TEST2\Debug\Obj\UART.o -o
#        D:\Desktop\DY_chassis\DY_CAR_TRACK_TEST2\Debug\Exe\DY_CAR.out --map
#        D:\Desktop\DY_chassis\DY_CAR_TRACK_TEST2\Debug\List\DY_CAR.map
#        --config
#        D:\Desktop\DY_chassis\DY_CAR_TRACK_TEST2/DY_CAR_msp432e401y.icf
#        c:/ti/simplelink_msp432e4_sdk_2_10_00_17/source/ti/display/lib/display.arm4f
#        c:/ti/simplelink_msp432e4_sdk_2_10_00_17/source/ti/grlib/lib/iar/m4f/grlib.a
#        c:/ti/simplelink_msp432e4_sdk_2_10_00_17/source/third_party/spiffs/lib/iar/m4f/spiffs.a
#        c:/ti/simplelink_msp432e4_sdk_2_10_00_17/source/ti/drivers/lib/drivers_msp432e4.arm4f
#        c:/ti/simplelink_msp432e4_sdk_2_10_00_17/source/third_party/fatfs/lib/iar/m4f/fatfs.a
#        c:/ti/simplelink_msp432e4_sdk_2_10_00_17/source/ti/devices/msp432e4/driverlib/lib/iar/m4f/msp432e4_driverlib.a
#        --silent --cpu=Cortex-M4F --redirect _Printf=_PrintfSmall --redirect
#        _Scanf=_ScanfSmall --semihosting --entry __iar_program_start --vfe
#        --text_out locale)
#
###############################################################################

*******************************************************************************
*** RUNTIME MODEL ATTRIBUTES
***

CppFlavor       = *
__SystemLibrary = DLib
__dlib_version  = 6


*******************************************************************************
*** HEAP SELECTION
***

The basic heap was selected because no calls to memory allocation
functions were found in the application outside of system library
functions, and there are calls to deallocation functions in the
application.


*******************************************************************************
*** PLACEMENT SUMMARY
***

"A0":  place at 0x00000000 { ro section .intvec };
"P1":  place in [from 0x00000000 to 0x000fffff] { ro };
define block CSTACK with size = 4K, alignment = 8 { };
define block PROC_STACK with size = 0M, alignment = 8 { };
define block HEAP with size = 8K, alignment = 8 { };
"P3":  place in [from 0x00000000 to 0x00000000] |
                [from 0x20000000 to 0x2003ffff] {
          rw, block CSTACK, block PROC_STACK, block HEAP };
do not initialize { section .noinit };
initialize by copy { rw };

No sections matched the following patterns:

  ro section application_specific_ro  in "P2|P4"
  rw section application_specific_rw  in "P2|P4"


  Section            Kind        Address    Size  Object
  -------            ----        -------    ----  ------
"A0":                                      0x208
  .intvec            const    0x00000000   0x208  startup_msp432e401y_ewarm.o [1]
                            - 0x00000208   0x208

"P1":                                     0x2588
  .text              ro code  0x00000208   0x4d4  xprintfsmall.o [3]
  .text              ro code  0x000006dc    0x16  strchr.o [6]
  .text              ro code  0x000006f2     0xa  xsprout.o [3]
  .text              ro code  0x000006fc    0x40  xfail_s.o [3]
  .text              ro code  0x0000073c    0x36  strlen.o [6]
  .text              ro code  0x00000774    0x58  memchr.o [6]
  .text              ro code  0x000007cc     0x6  abort.o [3]
  .text              ro code  0x000007d4    0x14  exit.o [7]
  .text              ro code  0x000007e8   0x4c0  sysctl_MSP432E411Y.obj [5]
  .text              ro code  0x00000ca8   0x398  PID.o [1]
  .text              ro code  0x00001040   0x2c4  track.o [1]
  .text              ro code  0x00001304   0x1c8  turn_ctrl.o [1]
  .text              ro code  0x000014cc   0x290  pwm.o [1]
  .text              ro code  0x0000175c   0x246  DblDiv.o [4]
  .text              ro code  0x000019a4   0x208  qei.o [1]
  .text              ro code  0x00001bac   0x1b4  gpio_MSP432E411Y.obj [5]
  .text              ro code  0x00001d60    0x4c  qei_MSP432E411Y.obj [5]
  .text              ro code  0x00001dac    0x84  interrupt_MSP432E411Y.obj [5]
  .text              ro code  0x00001e30    0x48  FltToDbl.o [4]
  .text              ro code  0x00001e78   0x1a2  DblMul.o [4]
  .text              ro code  0x0000201c    0x68  DblToFlt.o [4]
  .text              ro code  0x00002084   0x1cc  gpt.o [1]
  .text              ro code  0x00002250    0x1a  U32ToDbl.o [4]
  .text              ro code  0x0000226c    0x3a  DblToS32.o [4]
  .text              ro code  0x000022a8   0x174  iar_Stoulx.o [3]
  .text              ro code  0x0000241c   0x118  UART.o [1]
  .text              ro code  0x00002534    0x40  sprintf.o [3]
  .text              ro code  0x00002574    0x66  ABImemset.o [6]
  .text              ro code  0x000025dc    0x44  main.o [1]
  .text              ro code  0x00002620    0x40  zero_init3.o [6]
  .text              ro code  0x00002660    0x2c  copy_init3.o [6]
  .text              ro code  0x0000268c    0x28  data_init.o [6]
  .text              ro code  0x000026b4    0x24  system_msp432e401y.o [1]
  .text              ro code  0x000026d8    0x22  fpinit_M.o [4]
  .iar.init_table    const    0x000026fc    0x24  - Linker created -
  .text              ro code  0x00002720    0x1e  cmain.o [6]
  .text              ro code  0x0000273e     0x4  low_level_init.o [3]
  .text              ro code  0x00002742     0x4  exit.o [3]
  .text              ro code  0x00002748     0xa  cexit.o [6]
  .text              ro code  0x00002752     0xe  startup_msp432e401y_ewarm.o [1]
  .text              ro code  0x00002760     0xc  cstartup_M.o [6]
  .rodata            const    0x0000276c     0xc  UART.o [1]
  .rodata            const    0x00002778     0x8  UART.o [1]
  .rodata            const    0x00002780     0x0  zero_init3.o [6]
  .rodata            const    0x00002780     0x0  copy_init3.o [6]
  Initializer bytes  const    0x00002780    0x10  <for P3 s0>
                            - 0x00002790  0x2588

"P3", part 1 of 3:                          0x10
  P3 s0                       0x20000000    0x10  <Init block>
    .data            inited   0x20000000     0x4  PID.o [1]
    .data            inited   0x20000004     0x4  qei.o [1]
    .data            inited   0x20000008     0x4  qei.o [1]
    .data            inited   0x2000000c     0x4  system_msp432e401y.o [1]
                            - 0x20000010    0x10

"P3", part 2 of 3:                          0xe0
  .bss               zero     0x20000010    0x5c  PID.o [1]
  .bss               zero     0x2000006c    0x14  track.o [1]
  .bss               zero     0x20000080    0x14  track.o [1]
  .bss               zero     0x20000094     0x4  gpt.o [1]
  .bss               zero     0x20000098     0x4  gpt.o [1]
  .bss               zero     0x2000009c     0x4  gpt.o [1]
  .bss               zero     0x200000a0     0x4  gpt.o [1]
  .bss               zero     0x200000a4     0x4  gpt.o [1]
  .bss               zero     0x200000a8     0x4  main.o [1]
  .bss               zero     0x200000ac     0x4  PID.o [1]
  .bss               zero     0x200000b0     0x4  PID.o [1]
  .bss               zero     0x200000b4     0x4  PID.o [1]
  .bss               zero     0x200000b8     0x4  PID.o [1]
  .bss               zero     0x200000bc     0x4  pwm.o [1]
  .bss               zero     0x200000c0     0x4  pwm.o [1]
  .bss               zero     0x200000c4     0x4  qei.o [1]
  .bss               zero     0x200000c8     0x4  qei.o [1]
  .bss               zero     0x200000cc     0x4  qei.o [1]
  .bss               zero     0x200000d0     0x4  qei.o [1]
  .bss               zero     0x200000d4     0x4  qei.o [1]
  .bss               zero     0x200000d8     0x4  turn_ctrl.o [1]
  .bss               zero     0x200000dc     0x4  turn_ctrl.o [1]
  .bss               zero     0x200000e0     0x4  UART.o [1]
  .bss               zero     0x200000e4     0x4  UART.o [1]
  .bss               zero     0x200000e8     0x4  xfail_s.o [3]
  .bss               zero     0x200000ec     0x1  qei.o [1]
  .bss               zero     0x200000ed     0x1  UART.o [1]
  .bss               zero     0x200000ee     0x1  UART.o [1]
  .bss               zero     0x200000ef     0x1  UART.o [1]
                            - 0x200000f0    0xe0

"P3", part 3 of 3:                         0x400
  .noinit            uninit   0x200000f0   0x400  startup_msp432e401y_ewarm.o [1]
                            - 0x200004f0   0x400


*******************************************************************************
*** INIT TABLE
***

          Address     Size
          -------     ----
Zero (__iar_zero_init3)
    1 destination range, total size 0xe0:
          0x20000010  0xe0

Copy (__iar_copy_init3)
    1 source range, total size 0x10:
          0x00002780  0x10
    1 destination range, total size 0x10:
          0x20000000  0x10



*******************************************************************************
*** MODULE SUMMARY
***

    Module                       ro code  ro data  rw data
    ------                       -------  -------  -------
D:\Desktop\DY_chassis\DY_CAR_TRACK_TEST2\Debug\Obj: [1]
    PID.o                            920        4      112
    UART.o                           280       20       11
    gpt.o                            460                20
    main.o                            68                 4
    pwm.o                            656                 8
    qei.o                            520        8       29
    startup_msp432e401y_ewarm.o       14      520    1 024
    system_msp432e401y.o              36        4        4
    track.o                          708                40
    turn_ctrl.o                      456                 8
    ------------------------------------------------------
    Total:                         4 118      556    1 260

command line: [2]
    ------------------------------------------------------
    Total:

dl7M_tln.a: [3]
    abort.o                            6
    exit.o                             4
    iar_Stoulx.o                     372
    low_level_init.o                   4
    sprintf.o                         64
    xfail_s.o                         64                 4
    xprintfsmall.o                 1 236
    xsprout.o                         10
    ------------------------------------------------------
    Total:                         1 760                 4

m7M_tls.a: [4]
    DblDiv.o                         582
    DblMul.o                         418
    DblToFlt.o                       104
    DblToS32.o                        58
    FltToDbl.o                        72
    U32ToDbl.o                        26
    fpinit_M.o                        34
    ------------------------------------------------------
    Total:                         1 294

msp432e4_driverlib.a: [5]
    gpio_MSP432E411Y.obj             436
    interrupt_MSP432E411Y.obj        132
    qei_MSP432E411Y.obj               76
    sysctl_MSP432E411Y.obj         1 216
    ------------------------------------------------------
    Total:                         1 860

rt7M_tl.a: [6]
    ABImemset.o                      102
    cexit.o                           10
    cmain.o                           30
    copy_init3.o                      44
    cstartup_M.o                      12
    data_init.o                       40
    memchr.o                          88
    strchr.o                          22
    strlen.o                          54
    zero_init3.o                      64
    ------------------------------------------------------
    Total:                           466

shb_l.a: [7]
    exit.o                            20
    ------------------------------------------------------
    Total:                            20

    Gaps                              16        2
    Linker created                             36
----------------------------------------------------------
    Grand Total:                   9 534      594    1 264


*******************************************************************************
*** ENTRY LIST
***

Entry                      Address   Size  Type      Object
-----                      -------   ----  ----      ------
.iar.init_table$$Base   0x000026fc          --   Gb  - Linker created -
.iar.init_table$$Limit  0x00002720          --   Gb  - Linker created -
?main                   0x00002721         Code  Gb  cmain.o [6]
Back                    0x00001367    0xe  Code  Gb  turn_ctrl.o [1]
Buffer                  0x200000e0    0x4  Data  Gb  UART.o [1]
Buffer_Out              0x200000e4    0x4  Data  Gb  UART.o [1]
CNT1                    0x20000098    0x4  Data  Gb  gpt.o [1]
CNT2                    0x2000009c    0x4  Data  Gb  gpt.o [1]
COUNT                   0x200000d4    0x4  Data  Gb  qei.o [1]
ControlCar              0x00001385  0x132  Code  Gb  turn_ctrl.o [1]
Count_Char              0x200000ee    0x1  Data  Gb  UART.o [1]
Data_Sensor             0x2000006c   0x14  Data  Gb  track.o [1]
Data_Sensor_Buf         0x20000080   0x14  Data  Gb  track.o [1]
Default_Handler         0x00002753    0x2  Code  Lc  startup_msp432e401y_ewarm.o [1]
Forward                 0x00001305    0xe  Code  Gb  turn_ctrl.o [1]
GPIOE_INIT              0x00001041   0x2e  Code  Gb  track.o [1]
GPIOPadConfigSet        0x00001bad  0x116  Code  Gb  gpio_MSP432E411Y.obj [5]
GPIOPinConfigure        0x00001ced   0x2c  Code  Gb  gpio_MSP432E411Y.obj [5]
GPIOPinTypeQEI          0x00001ccb   0x22  Code  Gb  gpio_MSP432E411Y.obj [5]
GPIOPinWrite            0x00001cc3    0x8  Code  Gb  gpio_MSP432E411Y.obj [5]
GPT_init                0x00002123   0xe0  Code  Gb  gpt.o [1]
IncPIDCalc_l            0x00000df9  0x106  Code  Gb  PID.o [1]
IncPIDCalc_r            0x00000f01  0x106  Code  Gb  PID.o [1]
IncPIDInit              0x00000ca9  0x150  Code  Gb  PID.o [1]
IntEnable               0x00001dad   0x6a  Code  Gb  interrupt_MSP432E411Y.obj [5]
LoadInt                 0x0000042b   0x56  Code  Lc  xprintfsmall.o [3]
Num                     0x200000ec    0x1  Data  Gb  qei.o [1]
PWM0_0_IRQHandler       0x00001705   0x20  Code  Gb  pwm.o [1]
PWM0_1_IRQHandler       0x000016e5   0x20  Code  Gb  pwm.o [1]
PWM_init                0x000014cd  0x218  Code  Gb  pwm.o [1]
QEI0_IRQHandler         0x00001a11  0x142  Code  Gb  qei.o [1]
QEIConfigure            0x00001d6b   0x10  Code  Gb  qei_MSP432E411Y.obj [5]
QEIEnable               0x00001d61    0xa  Code  Gb  qei_MSP432E411Y.obj [5]
QEIInit                 0x000019a5   0x6a  Code  Gb  qei.o [1]
QEIIntClear             0x00001da7    0x6  Code  Gb  qei_MSP432E411Y.obj [5]
QEIIntEnable            0x00001d9d    0xa  Code  Gb  qei_MSP432E411Y.obj [5]
QEIVelocityConfigure    0x00001d85   0x12  Code  Gb  qei_MSP432E411Y.obj [5]
QEIVelocityEnable       0x00001d7b    0xa  Code  Gb  qei_MSP432E411Y.obj [5]
QEIVelocityGet          0x00001d97    0x6  Code  Gb  qei_MSP432E411Y.obj [5]
Region$$Table$$Base     0x000026fc          --   Gb  - Linker created -
Region$$Table$$Limit    0x00002720          --   Gb  - Linker created -
Stop                    0x00001375    0xe  Code  Gb  turn_ctrl.o [1]
SysCtlClockFreqSet      0x0000080d  0x262  Code  Gb  sysctl_MSP432E411Y.obj [5]
SysCtlPeripheralReady   0x000007e9   0x24  Code  Gb  sysctl_MSP432E411Y.obj [5]
SystemCoreClock         0x2000000c    0x4  Data  Gb  system_msp432e401y.o [1]
SystemInit              0x000026b5   0x14  Code  Gb  system_msp432e401y.o [1]
TIMER1A_IRQHandler      0x000020ab   0x78  Code  Gb  gpt.o [1]
TIMER2A_IRQHandler      0x00002085   0x26  Code  Gb  gpt.o [1]
Text_Count              0x200000ed    0x1  Data  Gb  UART.o [1]
Track_Hand              0x0000106f  0x27c  Code  Gb  track.o [1]
Turn_Left               0x0000132f    0xe  Code  Gb  turn_ctrl.o [1]
Turn_Left_Circle        0x00001313    0xe  Code  Gb  turn_ctrl.o [1]
Turn_Right              0x00001359    0xe  Code  Gb  turn_ctrl.o [1]
Turn_Right_Circle       0x0000133d    0xe  Code  Gb  turn_ctrl.o [1]
Turn_Spin_Left          0x00001321    0xe  Code  Gb  turn_ctrl.o [1]
Turn_Spin_Right         0x0000134b    0xe  Code  Gb  turn_ctrl.o [1]
UART0_IRQHandler        0x0000241d   0xc6  Code  Gb  UART.o [1]
UARTSend                0x000024e3   0x20  Code  Gb  UART.o [1]
_LitobSmall             0x000005bd   0xce  Code  Lc  xprintfsmall.o [3]
_PrintfSmall            0x00000209  0x216  Code  Gb  xprintfsmall.o [3]
_PutcharsSmall          0x0000068b   0x2e  Code  Lc  xprintfsmall.o [3]
_PutfldSmall            0x00000481  0x13c  Code  Lc  xprintfsmall.o [3]
_SProut                 0x000006f3    0xa  Code  Gb  xsprout.o [3]
__aeabi_d2f             0x0000201d         Code  Gb  DblToFlt.o [4]
__aeabi_d2iz            0x0000226d         Code  Gb  DblToS32.o [4]
__aeabi_ddiv            0x0000175d         Code  Gb  DblDiv.o [4]
__aeabi_dmul            0x00001e79         Code  Gb  DblMul.o [4]
__aeabi_f2d             0x00001e31         Code  Gb  FltToDbl.o [4]
__aeabi_memset          0x00002575         Code  Gb  ABImemset.o [6]
__aeabi_ui2d            0x00002251         Code  Gb  U32ToDbl.o [4]
__cmain                 0x00002721         Code  Gb  cmain.o [6]
__exit                  0x000007d5   0x14  Code  Gb  exit.o [7]
__iar_Fail_s            0x000006fd   0x1c  Code  Gb  xfail_s.o [3]
__iar_Memchr            0x00000775         Code  Gb  memchr.o [6]
__iar_Memset            0x00002575         Code  Gb  ABImemset.o [6]
__iar_Memset_word       0x0000257d         Code  Gb  ABImemset.o [6]
__iar_Stoulx            0x000022a9  0x114  Code  Gb  iar_Stoulx.o [3]
__iar_Strchr            0x000006dd         Code  Gb  strchr.o [6]
__iar_copy_init3        0x00002661   0x2c  Code  Gb  copy_init3.o [6]
__iar_data_init3        0x0000268d   0x28  Code  Gb  data_init.o [6]
__iar_init_vfp          0x000026d9         Code  Gb  fpinit_M.o [4]
__iar_program_start     0x00002761         Code  Gb  cstartup_M.o [6]
__iar_systems$$module {Abs}
                        0x00000001         Data  Gb  command line/config [2]
__iar_zero_init3        0x00002621   0x40  Code  Gb  zero_init3.o [6]
__low_level_init        0x0000273f    0x4  Code  Gb  low_level_init.o [3]
__vector_table          0x00000000  0x208  Data  Gb  startup_msp432e401y_ewarm.o [1]
_call_main              0x0000272d         Code  Gb  cmain.o [6]
_exit                   0x00002749         Code  Gb  cexit.o [6]
_main                   0x0000273b         Code  Gb  cmain.o [6]
abort                   0x000007cd    0x6  Code  Gb  abort.o [3]
atoi                    0x000023c3    0x2  Code  Gb  iar_Stoulx.o [3]
ch                      0x200000ef    0x1  Data  Gb  UART.o [1]
ch_l                    0x200000d8    0x4  Data  Gb  turn_ctrl.o [1]
ch_r                    0x200000dc    0x4  Data  Gb  turn_ctrl.o [1]
count                   0x20000094    0x4  Data  Gb  gpt.o [1]
digits                  0x000023cc   0x28  Data  Lc  iar_Stoulx.o [3]
exit                    0x00002743    0x4  Code  Gb  exit.o [3]
g_pppui32XTALtoVCO      0x00000ac0  0x1b0  Data  Lc  sysctl_MSP432E411Y.obj [5]
g_pui32EnRegs           0x00001e1c   0x14  Data  Lc  interrupt_MSP432E411Y.obj [5]
g_pui32GPIOBaseAddrs    0x00001d18   0x48  Data  Lc  gpio_MSP432E411Y.obj [5]
g_pui32VCOFrequencies   0x00000ca0    0x8  Data  Lc  sysctl_MSP432E411Y.obj [5]
g_pui32Xtals            0x00000a98   0x28  Data  Lc  sysctl_MSP432E411Y.obj [5]
g_sXTALtoMEMTIM         0x00000c70   0x30  Data  Lc  sysctl_MSP432E411Y.obj [5]
g_ui32SysClock          0x200000a8    0x4  Data  Gb  main.o [1]
iError_l                0x200000ac    0x4  Data  Gb  PID.o [1]
iError_r                0x200000b0    0x4  Data  Gb  PID.o [1]
main                    0x000025dd   0x44  Code  Gb  main.o [1]
memchr                  0x00000775         Code  Gb  memchr.o [6]
ndigs                   0x000023f4   0x28  Data  Lc  iar_Stoulx.o [3]
pid_l                   0x200000c4    0x4  Data  Gb  qei.o [1]
pid_r                   0x200000c8    0x4  Data  Gb  qei.o [1]
pwm_pidl                0x20000004    0x4  Data  Gb  qei.o [1]
pwm_pidr                0x20000008    0x4  Data  Gb  qei.o [1]
pwm_val_l               0x200000bc    0x4  Data  Gb  pwm.o [1]
pwm_val_r               0x200000c0    0x4  Data  Gb  pwm.o [1]
sPID                    0x20000010   0x5c  Data  Lc  PID.o [1]
s_l                     0x200000cc    0x4  Data  Gb  qei.o [1]
s_r                     0x200000d0    0x4  Data  Gb  qei.o [1]
sec_hand                0x200000e8    0x4  Data  Lc  xfail_s.o [3]
speed                   0x200000a0    0x4  Data  Gb  gpt.o [1]
sprintf                 0x00002535   0x40  Code  Gb  sprintf.o [3]
sptr                    0x20000000    0x4  Data  Lc  PID.o [1]
strchr                  0x000006dd         Code  Gb  strchr.o [6]
strlen                  0x0000073d         Code  Gb  strlen.o [6]
systemStack             0x200000f0  0x400  Data  Lc  startup_msp432e401y_ewarm.o [1]
time1                   0x200000a4    0x4  Data  Gb  gpt.o [1]
variable_l              0x200000b4    0x4  Data  Gb  PID.o [1]
variable_r              0x200000b8    0x4  Data  Gb  PID.o [1]


[1] = D:\Desktop\DY_chassis\DY_CAR_TRACK_TEST2\Debug\Obj
[2] = command line
[3] = dl7M_tln.a
[4] = m7M_tls.a
[5] = msp432e4_driverlib.a
[6] = rt7M_tl.a
[7] = shb_l.a

  9 534 bytes of readonly  code memory
    594 bytes of readonly  data memory
  1 264 bytes of readwrite data memory

Errors: none
Warnings: none
