###############################################################################
#
# IAR ELF Linker V8.22.2.15995/W32 for ARM                06/Jun/2018  13:50:47
# Copyright 2007-2018 IAR Systems AB.
#
#    Output file  =  D:\Desktop\DY_chasis\DY_TRACK\Debug\Exe\empty.out
#    Map file     =  D:\Desktop\DY_chasis\DY_TRACK\Debug\List\empty.map
#    Command line =  
#        -f C:\Users\jrb\AppData\Local\Temp\EW8BC6.tmp
#        (D:\Desktop\DY_chasis\DY_TRACK\Debug\Obj\gpt.o
#        D:\Desktop\DY_chasis\DY_TRACK\Debug\Obj\main.o
#        D:\Desktop\DY_chasis\DY_TRACK\Debug\Obj\PID.o
#        D:\Desktop\DY_chasis\DY_TRACK\Debug\Obj\pwm.o
#        D:\Desktop\DY_chasis\DY_TRACK\Debug\Obj\qei.o
#        D:\Desktop\DY_chasis\DY_TRACK\Debug\Obj\startup_msp432e401y_ewarm.o
#        D:\Desktop\DY_chasis\DY_TRACK\Debug\Obj\system_msp432e401y.o
#        D:\Desktop\DY_chasis\DY_TRACK\Debug\Obj\turn_ctrl.o
#        D:\Desktop\DY_chasis\DY_TRACK\Debug\Obj\UART.o -o
#        D:\Desktop\DY_chasis\DY_TRACK\Debug\Exe\empty.out --map
#        D:\Desktop\DY_chasis\DY_TRACK\Debug\List\empty.map --config
#        D:\Desktop\DY_chasis\DY_TRACK/DY_TRACK_msp432e401y.icf
#        c:/ti/simplelink_msp432e4_sdk_2_10_00_17/source/ti/display/lib/display.arm4f
#        c:/ti/simplelink_msp432e4_sdk_2_10_00_17/source/ti/grlib/lib/iar/m4f/grlib.a
#        c:/ti/simplelink_msp432e4_sdk_2_10_00_17/source/third_party/spiffs/lib/iar/m4f/spiffs.a
#        c:/ti/simplelink_msp432e4_sdk_2_10_00_17/source/ti/drivers/lib/drivers_msp432e4.arm4f
#        c:/ti/simplelink_msp432e4_sdk_2_10_00_17/source/third_party/fatfs/lib/iar/m4f/fatfs.a
#        c:/ti/simplelink_msp432e4_sdk_2_10_00_17/source/ti/devices/msp432e4/driverlib/lib/iar/m4f/msp432e4_driverlib.a
#        --silent --cpu=Cortex-M4F --redirect _Printf=_PrintfSmall --redirect
#        _Scanf=_ScanfSmall --semihosting --entry __iar_program_start --vfe
#        --text_out locale)
#
###############################################################################

*******************************************************************************
*** RUNTIME MODEL ATTRIBUTES
***

CppFlavor       = *
__SystemLibrary = DLib
__dlib_version  = 6


*******************************************************************************
*** HEAP SELECTION
***

The basic heap was selected because no calls to memory allocation
functions were found in the application outside of system library
functions, and there are calls to deallocation functions in the
application.


*******************************************************************************
*** PLACEMENT SUMMARY
***

"A0":  place at 0x00000000 { ro section .intvec };
"P1":  place in [from 0x00000000 to 0x000fffff] { ro };
define block CSTACK with size = 4K, alignment = 8 { };
define block PROC_STACK with size = 0M, alignment = 8 { };
define block HEAP with size = 8K, alignment = 8 { };
"P3":  place in [from 0x00000000 to 0x00000000] |
                [from 0x20000000 to 0x2003ffff] {
          rw, block CSTACK, block PROC_STACK, block HEAP };
do not initialize { section .noinit };
initialize by copy { rw };

No sections matched the following patterns:

  ro section application_specific_ro  in "P2|P4"
  rw section application_specific_rw  in "P2|P4"


  Section            Kind        Address    Size  Object
  -------            ----        -------    ----  ------
"A0":                                      0x208
  .intvec            const    0x00000000   0x208  startup_msp432e401y_ewarm.o [1]
                            - 0x00000208   0x208

"P1":                                     0x2450
  .text              ro code  0x00000208   0x534  xprintfsmall.o [3]
  .text              ro code  0x0000073c    0x90  xlocale_c.o [3]
  .text              ro code  0x000007cc    0x16  strchr.o [6]
  .text              ro code  0x000007e2     0xa  xsprout.o [3]
  .text              ro code  0x000007ec    0x40  xfail_s.o [3]
  .text              ro code  0x0000082c    0x36  strlen.o [6]
  .text              ro code  0x00000864    0x58  memchr.o [6]
  .text              ro code  0x000008bc     0x6  abort.o [3]
  .text              ro code  0x000008c4    0x14  exit.o [7]
  .text              ro code  0x000008d8   0x4c0  sysctl_MSP432E411Y.obj [5]
  .text              ro code  0x00000d98   0x334  PID.o [1]
  .text              ro code  0x000010cc   0x290  pwm.o [1]
  .text              ro code  0x0000135c   0x278  qei.o [1]
  .text              ro code  0x000015d4   0x1b4  gpio_MSP432E411Y.obj [5]
  .text              ro code  0x00001788    0x4c  qei_MSP432E411Y.obj [5]
  .text              ro code  0x000017d4    0x84  interrupt_MSP432E411Y.obj [5]
  .text              ro code  0x00001858    0x48  FltToDbl.o [4]
  .text              ro code  0x000018a0   0x1a2  DblMul.o [4]
  .text              ro code  0x00001a44    0x68  DblToFlt.o [4]
  .text              ro code  0x00001aac   0x120  turn_ctrl.o [1]
  .text              ro code  0x00001bcc     0xc  uart_MSP432E411Y.obj [5]
  .text              ro code  0x00001bd8   0x1b0  UART.o [1]
  .text              ro code  0x00001d88    0x40  sprintf.o [3]
  .text              ro code  0x00001dc8    0x66  ABImemset.o [6]
  .text              ro code  0x00001e30   0x174  iar_Stoulx.o [3]
  .text              ro code  0x00001fa4    0x14  isspace.o [3]
  .text              ro code  0x00001fb8    0x14  tolower.o [3]
  .text              ro code  0x00001fcc   0x246  DblDiv.o [4]
  .text              ro code  0x00002214   0x1d0  gpt.o [1]
  .text              ro code  0x000023e4    0x1a  U32ToDbl.o [4]
  .text              ro code  0x00002400    0x3a  DblToS32.o [4]
  .text              ro code  0x0000243c    0x44  main.o [1]
  .text              ro code  0x00002480    0x40  zero_init3.o [6]
  .text              ro code  0x000024c0    0x2c  copy_init3.o [6]
  .text              ro code  0x000024ec    0x28  data_init.o [6]
  .text              ro code  0x00002514    0x24  system_msp432e401y.o [1]
  .text              ro code  0x00002538    0x22  fpinit_M.o [4]
  .iar.init_table    const    0x0000255c    0x24  - Linker created -
  .text              ro code  0x00002580    0x1e  cmain.o [6]
  .text              ro code  0x0000259e     0x4  low_level_init.o [3]
  .text              ro code  0x000025a2     0x4  exit.o [3]
  .text              ro code  0x000025a8     0xa  cexit.o [6]
  .text              ro code  0x000025b2     0xe  startup_msp432e401y_ewarm.o [1]
  .text              ro code  0x000025c0     0xc  cstartup_M.o [6]
  .rodata            const    0x000025cc     0xc  qei.o [1]
  .rodata            const    0x000025d8     0xc  UART.o [1]
  .text              ro code  0x000025e4     0xc  xencoding_8859_1.o [3]
  .rodata            const    0x000025f0     0x8  UART.o [1]
  .rodata            const    0x000025f8     0x2  xlocale_c.o [3]
  .rodata            const    0x000025fa     0x0  zero_init3.o [6]
  .rodata            const    0x000025fa     0x0  copy_init3.o [6]
  Initializer bytes  const    0x000025fc    0x5c  <for P3 s0>
                            - 0x00002658  0x2450

"P3", part 1 of 3:                          0x5c
  P3 s0                       0x20000000    0x5c  <Init block>
    .data            inited   0x20000000    0x48  xlocale_c.o [3]
    .data            inited   0x20000048     0x4  PID.o [1]
    .data            inited   0x2000004c     0x4  qei.o [1]
    .data            inited   0x20000050     0x4  qei.o [1]
    .data            inited   0x20000054     0x4  system_msp432e401y.o [1]
    .data            inited   0x20000058     0x4  turn_ctrl.o [1]
                            - 0x2000005c    0x5c

"P3", part 2 of 3:                         0x10c
  .bss               zero     0x2000005c    0x5c  PID.o [1]
  .bss               zero     0x200000b8    0x5c  turn_ctrl.o [1]
  .bss               zero     0x20000114     0x4  gpt.o [1]
  .bss               zero     0x20000118     0x4  gpt.o [1]
  .bss               zero     0x2000011c     0x4  gpt.o [1]
  .bss               zero     0x20000120     0x4  gpt.o [1]
  .bss               zero     0x20000124     0x4  gpt.o [1]
  .bss               zero     0x20000128     0x4  main.o [1]
  .bss               zero     0x2000012c     0x4  PID.o [1]
  .bss               zero     0x20000130     0x4  PID.o [1]
  .bss               zero     0x20000134     0x4  PID.o [1]
  .bss               zero     0x20000138     0x4  PID.o [1]
  .bss               zero     0x2000013c     0x4  pwm.o [1]
  .bss               zero     0x20000140     0x4  pwm.o [1]
  .bss               zero     0x20000144     0x4  qei.o [1]
  .bss               zero     0x20000148     0x4  qei.o [1]
  .bss               zero     0x2000014c     0x4  qei.o [1]
  .bss               zero     0x20000150     0x4  qei.o [1]
  .bss               zero     0x20000154     0x4  qei.o [1]
  .bss               zero     0x20000158     0x4  UART.o [1]
  .bss               zero     0x2000015c     0x4  UART.o [1]
  .bss               zero     0x20000160     0x4  xfail_s.o [3]
  .bss               zero     0x20000164     0x1  qei.o [1]
  .bss               zero     0x20000165     0x1  UART.o [1]
  .bss               zero     0x20000166     0x1  UART.o [1]
  .bss               zero     0x20000167     0x1  UART.o [1]
                            - 0x20000168   0x10c

"P3", part 3 of 3:                         0x400
  .noinit            uninit   0x20000168   0x400  startup_msp432e401y_ewarm.o [1]
                            - 0x20000568   0x400


*******************************************************************************
*** INIT TABLE
***

          Address     Size
          -------     ----
Zero (__iar_zero_init3)
    1 destination range, total size 0x10c:
          0x2000005c  0x10c

Copy (__iar_copy_init3)
    1 source range, total size 0x5c:
          0x000025fc   0x5c
    1 destination range, total size 0x5c:
          0x20000000   0x5c



*******************************************************************************
*** MODULE SUMMARY
***

    Module                       ro code  ro data  rw data
    ------                       -------  -------  -------
D:\Desktop\DY_chasis\DY_TRACK\Debug\Obj: [1]
    PID.o                            820        4      112
    UART.o                           432       20       11
    gpt.o                            464                20
    main.o                            68                 4
    pwm.o                            656                 8
    qei.o                            632       20       29
    startup_msp432e401y_ewarm.o       14      520    1 024
    system_msp432e401y.o              36        4        4
    turn_ctrl.o                      288        4       96
    ------------------------------------------------------
    Total:                         3 410      572    1 308

command line: [2]
    ------------------------------------------------------
    Total:

dl7M_tlf.a: [3]
    abort.o                            6
    exit.o                             4
    iar_Stoulx.o                     372
    isspace.o                         20
    low_level_init.o                   4
    sprintf.o                         64
    tolower.o                         20
    xencoding_8859_1.o                12
    xfail_s.o                         64                 4
    xlocale_c.o                      144       74       72
    xprintfsmall.o                 1 332
    xsprout.o                         10
    ------------------------------------------------------
    Total:                         2 052       74       76

m7M_tls.a: [4]
    DblDiv.o                         582
    DblMul.o                         418
    DblToFlt.o                       104
    DblToS32.o                        58
    FltToDbl.o                        72
    U32ToDbl.o                        26
    fpinit_M.o                        34
    ------------------------------------------------------
    Total:                         1 294

msp432e4_driverlib.a: [5]
    gpio_MSP432E411Y.obj             436
    interrupt_MSP432E411Y.obj        132
    qei_MSP432E411Y.obj               76
    sysctl_MSP432E411Y.obj         1 216
    uart_MSP432E411Y.obj              12
    ------------------------------------------------------
    Total:                         1 872

rt7M_tl.a: [6]
    ABImemset.o                      102
    cexit.o                           10
    cmain.o                           30
    copy_init3.o                      44
    cstartup_M.o                      12
    data_init.o                       40
    memchr.o                          88
    strchr.o                          22
    strlen.o                          54
    zero_init3.o                      64
    ------------------------------------------------------
    Total:                           466

shb_l.a: [7]
    exit.o                            20
    ------------------------------------------------------
    Total:                            20

    Gaps                              16        2
    Linker created                             38
----------------------------------------------------------
    Grand Total:                   9 130      686    1 384


*******************************************************************************
*** ENTRY LIST
***

Entry                      Address   Size  Type      Object
-----                      -------   ----  ----      ------
.iar.init_table$$Base   0x0000255c          --   Gb  - Linker created -
.iar.init_table$$Limit  0x00002580          --   Gb  - Linker created -
?main                   0x00002581         Code  Gb  cmain.o [6]
Back                    0x00001ae3   0x12  Code  Gb  turn_ctrl.o [1]
Buffer                  0x20000158    0x4  Data  Gb  UART.o [1]
Buffer_Out              0x2000015c    0x4  Data  Gb  UART.o [1]
CNT1                    0x20000118    0x4  Data  Gb  gpt.o [1]
CNT2                    0x2000011c    0x4  Data  Gb  gpt.o [1]
COUNT                   0x20000154    0x4  Data  Gb  qei.o [1]
CacheMore               0x0000076d   0x24  Code  Lc  xlocale_c.o [3]
ControlCar              0x00001b09   0xac  Code  Gb  turn_ctrl.o [1]
Count_Char              0x20000166    0x1  Data  Gb  UART.o [1]
Default_Handler         0x000025b3    0x2  Code  Lc  startup_msp432e401y_ewarm.o [1]
Forward                 0x00001aad   0x12  Code  Gb  turn_ctrl.o [1]
GPIOPadConfigSet        0x000015d5  0x116  Code  Gb  gpio_MSP432E411Y.obj [5]
GPIOPinConfigure        0x00001715   0x2c  Code  Gb  gpio_MSP432E411Y.obj [5]
GPIOPinTypeQEI          0x000016f3   0x22  Code  Gb  gpio_MSP432E411Y.obj [5]
GPIOPinWrite            0x000016eb    0x8  Code  Gb  gpio_MSP432E411Y.obj [5]
GPT_init                0x000022b3   0xe6  Code  Gb  gpt.o [1]
IncPIDCalc_l            0x00000ed3   0xe6  Code  Gb  PID.o [1]
IncPIDCalc_r            0x00000fb9   0xe6  Code  Gb  PID.o [1]
IncPIDInit              0x00000d99  0x13a  Code  Gb  PID.o [1]
IntEnable               0x000017d5   0x6a  Code  Gb  interrupt_MSP432E411Y.obj [5]
LoadInt                 0x00000483   0x56  Code  Lc  xprintfsmall.o [3]
Num                     0x20000164    0x1  Data  Gb  qei.o [1]
PWM0_0_IRQHandler       0x00001305   0x20  Code  Gb  pwm.o [1]
PWM0_1_IRQHandler       0x000012e5   0x20  Code  Gb  pwm.o [1]
PWM_init                0x000010cd  0x218  Code  Gb  pwm.o [1]
QEI0_IRQHandler         0x000013c9  0x19c  Code  Gb  qei.o [1]
QEIConfigure            0x00001793   0x10  Code  Gb  qei_MSP432E411Y.obj [5]
QEIEnable               0x00001789    0xa  Code  Gb  qei_MSP432E411Y.obj [5]
QEIInit                 0x0000135d   0x6a  Code  Gb  qei.o [1]
QEIIntClear             0x000017cf    0x6  Code  Gb  qei_MSP432E411Y.obj [5]
QEIIntEnable            0x000017c5    0xa  Code  Gb  qei_MSP432E411Y.obj [5]
QEIVelocityConfigure    0x000017ad   0x12  Code  Gb  qei_MSP432E411Y.obj [5]
QEIVelocityEnable       0x000017a3    0xa  Code  Gb  qei_MSP432E411Y.obj [5]
QEIVelocityGet          0x000017bf    0x6  Code  Gb  qei_MSP432E411Y.obj [5]
Region$$Table$$Base     0x0000255c          --   Gb  - Linker created -
Region$$Table$$Limit    0x00002580          --   Gb  - Linker created -
Stop                    0x00001af5   0x12  Code  Gb  turn_ctrl.o [1]
SysCtlClockFreqSet      0x000008fd  0x262  Code  Gb  sysctl_MSP432E411Y.obj [5]
SysCtlPeripheralReady   0x000008d9   0x24  Code  Gb  sysctl_MSP432E411Y.obj [5]
SystemCoreClock         0x20000054    0x4  Data  Gb  system_msp432e401y.o [1]
SystemInit              0x00002515   0x14  Code  Gb  system_msp432e401y.o [1]
TIMER1A_IRQHandler      0x0000223b   0x78  Code  Gb  gpt.o [1]
TIMER2B_IRQHandler      0x00002215   0x26  Code  Gb  gpt.o [1]
Text_Count              0x20000165    0x1  Data  Gb  UART.o [1]
Turn_Left               0x00001abf   0x12  Code  Gb  turn_ctrl.o [1]
Turn_Right              0x00001ad1   0x12  Code  Gb  turn_ctrl.o [1]
UART0_IRQHandler        0x00001bd9   0xc6  Code  Gb  UART.o [1]
UARTBusy                0x00001bcd    0xc  Code  Gb  uart_MSP432E411Y.obj [5]
UARTSend                0x00001c9f   0x20  Code  Gb  UART.o [1]
_Encoding_8859_1_Mbrlen
                        0x000025e5    0x2  Code  Gb  xencoding_8859_1.o [3]
_LitobSmall             0x00000615   0xce  Code  Lc  xprintfsmall.o [3]
_LocaleC_isspace        0x00000749   0x14  Code  Gb  xlocale_c.o [3]
_LocaleC_isupper        0x0000073d    0x2  Code  Gb  xlocale_c.o [3]
_LocaleC_tolower        0x0000075d    0xc  Code  Gb  xlocale_c.o [3]
_PrintfSmall            0x00000209  0x26e  Code  Gb  xprintfsmall.o [3]
_PutcharsSmall          0x000006e3   0x2e  Code  Lc  xprintfsmall.o [3]
_PutfldSmall            0x000004d9  0x13c  Code  Lc  xprintfsmall.o [3]
_SProut                 0x000007e3    0xa  Code  Gb  xsprout.o [3]
__aeabi_d2f             0x00001a45         Code  Gb  DblToFlt.o [4]
__aeabi_d2iz            0x00002401         Code  Gb  DblToS32.o [4]
__aeabi_ddiv            0x00001fcd         Code  Gb  DblDiv.o [4]
__aeabi_dmul            0x000018a1         Code  Gb  DblMul.o [4]
__aeabi_f2d             0x00001859         Code  Gb  FltToDbl.o [4]
__aeabi_memset          0x00001dc9         Code  Gb  ABImemset.o [6]
__aeabi_ui2d            0x000023e5         Code  Gb  U32ToDbl.o [4]
__cmain                 0x00002581         Code  Gb  cmain.o [6]
__exit                  0x000008c5   0x14  Code  Gb  exit.o [7]
__iar_Fail_s            0x000007ed   0x1c  Code  Gb  xfail_s.o [3]
__iar_Memchr            0x00000865         Code  Gb  memchr.o [6]
__iar_Memset            0x00001dc9         Code  Gb  ABImemset.o [6]
__iar_Memset_word       0x00001dd1         Code  Gb  ABImemset.o [6]
__iar_Stoulx            0x00001e31  0x112  Code  Gb  iar_Stoulx.o [3]
__iar_Strchr            0x000007cd         Code  Gb  strchr.o [6]
__iar_copy_init3        0x000024c1   0x2c  Code  Gb  copy_init3.o [6]
__iar_data_init3        0x000024ed   0x28  Code  Gb  data_init.o [6]
__iar_globLocale        0x20000000   0x48  Data  Lc  xlocale_c.o [3]
__iar_global_Locale     0x00000769    0x4  Code  Gb  xlocale_c.o [3]
__iar_init_vfp          0x00002539         Code  Gb  fpinit_M.o [4]
__iar_program_start     0x000025c1         Code  Gb  cstartup_M.o [6]
__iar_systems$$module {Abs}
                        0x00000001         Data  Gb  command line/config [2]
__iar_zero_init3        0x00002481   0x40  Code  Gb  zero_init3.o [6]
__low_level_init        0x0000259f    0x4  Code  Gb  low_level_init.o [3]
__vector_table          0x00000000  0x208  Data  Gb  startup_msp432e401y_ewarm.o [1]
_call_main              0x0000258d         Code  Gb  cmain.o [6]
_exit                   0x000025a9         Code  Gb  cexit.o [6]
_gLocale_mblen          0x000007c5    0x4  Code  Gb  xlocale_c.o [3]
_gLocale_mblenInt       0x00000791   0x34  Code  Gb  xlocale_c.o [3]
_main                   0x0000259b         Code  Gb  cmain.o [6]
abort                   0x000008bd    0x6  Code  Gb  abort.o [3]
atoi                    0x00001f49    0x2  Code  Gb  iar_Stoulx.o [3]
ch                      0x20000167    0x1  Data  Gb  UART.o [1]
count                   0x20000114    0x4  Data  Gb  gpt.o [1]
digits                  0x00001f54   0x28  Data  Lc  iar_Stoulx.o [3]
exit                    0x000025a3    0x4  Code  Gb  exit.o [3]
g_pppui32XTALtoVCO      0x00000bb0  0x1b0  Data  Lc  sysctl_MSP432E411Y.obj [5]
g_pui32EnRegs           0x00001844   0x14  Data  Lc  interrupt_MSP432E411Y.obj [5]
g_pui32GPIOBaseAddrs    0x00001740   0x48  Data  Lc  gpio_MSP432E411Y.obj [5]
g_pui32VCOFrequencies   0x00000d90    0x8  Data  Lc  sysctl_MSP432E411Y.obj [5]
g_pui32Xtals            0x00000b88   0x28  Data  Lc  sysctl_MSP432E411Y.obj [5]
g_sXTALtoMEMTIM         0x00000d60   0x30  Data  Lc  sysctl_MSP432E411Y.obj [5]
g_ui32SysClock          0x20000128    0x4  Data  Gb  main.o [1]
iError_l                0x2000012c    0x4  Data  Gb  PID.o [1]
iError_r                0x20000130    0x4  Data  Gb  PID.o [1]
isspace                 0x00001fa5   0x14  Code  Gb  isspace.o [3]
main                    0x0000243d   0x44  Code  Gb  main.o [1]
memchr                  0x00000865         Code  Gb  memchr.o [6]
ndigs                   0x00001f7c   0x28  Data  Lc  iar_Stoulx.o [3]
pid_l                   0x20000144    0x4  Data  Gb  qei.o [1]
pid_r                   0x20000148    0x4  Data  Gb  qei.o [1]
pwm_pidl                0x2000004c    0x4  Data  Gb  qei.o [1]
pwm_pidr                0x20000050    0x4  Data  Gb  qei.o [1]
pwm_val_l               0x2000013c    0x4  Data  Gb  pwm.o [1]
pwm_val_r               0x20000140    0x4  Data  Gb  pwm.o [1]
sPID                    0x2000005c   0x5c  Data  Lc  PID.o [1]
sPID                    0x200000b8   0x5c  Data  Lc  turn_ctrl.o [1]
s_l                     0x2000014c    0x4  Data  Gb  qei.o [1]
s_r                     0x20000150    0x4  Data  Gb  qei.o [1]
sec_hand                0x20000160    0x4  Data  Lc  xfail_s.o [3]
speed                   0x20000120    0x4  Data  Gb  gpt.o [1]
sprintf                 0x00001d89   0x40  Code  Gb  sprintf.o [3]
sptr                    0x20000048    0x4  Data  Lc  PID.o [1]
sptr                    0x20000058    0x4  Data  Lc  turn_ctrl.o [1]
strchr                  0x000007cd         Code  Gb  strchr.o [6]
strlen                  0x0000082d         Code  Gb  strlen.o [6]
systemStack             0x20000168  0x400  Data  Lc  startup_msp432e401y_ewarm.o [1]
time1                   0x20000124    0x4  Data  Gb  gpt.o [1]
tolower                 0x00001fb9   0x14  Code  Gb  tolower.o [3]
uart_init               0x00001cbf   0x7a  Code  Gb  UART.o [1]
variable_l              0x20000134    0x4  Data  Gb  PID.o [1]
variable_r              0x20000138    0x4  Data  Gb  PID.o [1]


[1] = D:\Desktop\DY_chasis\DY_TRACK\Debug\Obj
[2] = command line
[3] = dl7M_tlf.a
[4] = m7M_tls.a
[5] = msp432e4_driverlib.a
[6] = rt7M_tl.a
[7] = shb_l.a

  9 130 bytes of readonly  code memory
    686 bytes of readonly  data memory
  1 384 bytes of readwrite data memory

Errors: none
Warnings: none
