###############################################################################
#
# IAR ELF Linker V8.22.2.15995/W32 for ARM                12/Jun/2018  15:04:29
# Copyright 2007-2018 IAR Systems AB.
#
#    Output file  =  D:\Desktop\DY_chassis\DY_CAR_EMPTY\Debug\Exe\DY_CAR.out
#    Map file     =  D:\Desktop\DY_chassis\DY_CAR_EMPTY\Debug\List\DY_CAR.map
#    Command line =  
#        -f C:\Users\jrb\AppData\Local\Temp\EWF409.tmp
#        (D:\Desktop\DY_chassis\DY_CAR_EMPTY\Debug\Obj\main.o
#        D:\Desktop\DY_chassis\DY_CAR_EMPTY\Debug\Obj\startup_msp432e401y_ewarm.o
#        D:\Desktop\DY_chassis\DY_CAR_EMPTY\Debug\Obj\system_msp432e401y.o -o
#        D:\Desktop\DY_chassis\DY_CAR_EMPTY\Debug\Exe\DY_CAR.out --map
#        D:\Desktop\DY_chassis\DY_CAR_EMPTY\Debug\List\DY_CAR.map --config
#        D:\Desktop\DY_chassis\DY_CAR_EMPTY/DY_CAR_msp432e401y.icf
#        c:/ti/simplelink_msp432e4_sdk_2_10_00_17/source/ti/display/lib/display.arm4f
#        c:/ti/simplelink_msp432e4_sdk_2_10_00_17/source/ti/grlib/lib/iar/m4f/grlib.a
#        c:/ti/simplelink_msp432e4_sdk_2_10_00_17/source/third_party/spiffs/lib/iar/m4f/spiffs.a
#        c:/ti/simplelink_msp432e4_sdk_2_10_00_17/source/ti/drivers/lib/drivers_msp432e4.arm4f
#        c:/ti/simplelink_msp432e4_sdk_2_10_00_17/source/third_party/fatfs/lib/iar/m4f/fatfs.a
#        c:/ti/simplelink_msp432e4_sdk_2_10_00_17/source/ti/devices/msp432e4/driverlib/lib/iar/m4f/msp432e4_driverlib.a
#        --silent --cpu=Cortex-M4F --redirect _Printf=_PrintfSmall --redirect
#        _Scanf=_ScanfSmall --semihosting --entry __iar_program_start --vfe
#        --text_out locale)
#
###############################################################################

*******************************************************************************
*** RUNTIME MODEL ATTRIBUTES
***

CppFlavor       = *
__SystemLibrary = DLib
__dlib_version  = 6


*******************************************************************************
*** HEAP SELECTION
***

The basic heap was selected because no calls to memory allocation
functions were found in the application outside of system library
functions, and there are calls to deallocation functions in the
application.


*******************************************************************************
*** PLACEMENT SUMMARY
***

"A0":  place at 0x00000000 { ro section .intvec };
"P1":  place in [from 0x00000000 to 0x000fffff] { ro };
define block CSTACK with size = 4K, alignment = 8 { };
define block PROC_STACK with size = 0M, alignment = 8 { };
define block HEAP with size = 8K, alignment = 8 { };
"P3":  place in [from 0x00000000 to 0x00000000] |
                [from 0x20000000 to 0x2003ffff] {
          rw, block CSTACK, block PROC_STACK, block HEAP };
do not initialize { section .noinit };
initialize by copy { rw };

No sections matched the following patterns:

  ro section application_specific_ro  in "P2|P4"
  rw section application_specific_rw  in "P2|P4"


  Section            Kind        Address   Size  Object
  -------            ----        -------   ----  ------
"A0":                                     0x208
  .intvec            const    0x00000000  0x208  startup_msp432e401y_ewarm.o [1]
                            - 0x00000208  0x208

"P1":                                     0x118
  .text              ro code  0x00000208   0x2c  copy_init3.o [5]
  .text              ro code  0x00000234   0x28  data_init.o [5]
  .text              ro code  0x0000025c   0x24  system_msp432e401y.o [1]
  .text              ro code  0x00000280   0x22  fpinit_M.o [4]
  .iar.init_table    const    0x000002a4   0x14  - Linker created -
  .text              ro code  0x000002b8   0x1e  cmain.o [5]
  .text              ro code  0x000002d6    0x4  low_level_init.o [3]
  .text              ro code  0x000002da    0x2  main.o [1]
  .text              ro code  0x000002dc    0x4  exit.o [3]
  .text              ro code  0x000002e0    0xa  cexit.o [5]
  .text              ro code  0x000002ec   0x14  exit.o [6]
  .text              ro code  0x00000300    0xe  startup_msp432e401y_ewarm.o [1]
  .text              ro code  0x0000030e    0xc  cstartup_M.o [5]
  .rodata            const    0x0000031a    0x0  copy_init3.o [5]
  Initializer bytes  const    0x0000031c    0x4  <for P3 s0>
                            - 0x00000320  0x118

"P3", part 1 of 2:                          0x4
  P3 s0                       0x20000000    0x4  <Init block>
    .data            inited   0x20000000    0x4  system_msp432e401y.o [1]
                            - 0x20000004    0x4

"P3", part 2 of 2:                        0x400
  .noinit            uninit   0x20000004  0x400  startup_msp432e401y_ewarm.o [1]
                            - 0x20000404  0x400


*******************************************************************************
*** INIT TABLE
***

          Address     Size
          -------     ----
Copy (__iar_copy_init3)
    1 source range, total size 0x4:
          0x0000031c   0x4
    1 destination range, total size 0x4:
          0x20000000   0x4



*******************************************************************************
*** MODULE SUMMARY
***

    Module                       ro code  ro data  rw data
    ------                       -------  -------  -------
D:\Desktop\DY_chassis\DY_CAR_EMPTY\Debug\Obj: [1]
    main.o                             2
    startup_msp432e401y_ewarm.o       14      520    1 024
    system_msp432e401y.o              36        4        4
    ------------------------------------------------------
    Total:                            52      524    1 028

command line: [2]
    ------------------------------------------------------
    Total:

dl7M_tln.a: [3]
    exit.o                             4
    low_level_init.o                   4
    ------------------------------------------------------
    Total:                             8

m7M_tls.a: [4]
    fpinit_M.o                        34
    ------------------------------------------------------
    Total:                            34

rt7M_tl.a: [5]
    cexit.o                           10
    cmain.o                           30
    copy_init3.o                      44
    cstartup_M.o                      12
    data_init.o                       40
    ------------------------------------------------------
    Total:                           136

shb_l.a: [6]
    exit.o                            20
    ------------------------------------------------------
    Total:                            20

    Gaps                               2        2
    Linker created                             22
----------------------------------------------------------
    Grand Total:                     252      548    1 028


*******************************************************************************
*** ENTRY LIST
***

Entry                      Address   Size  Type      Object
-----                      -------   ----  ----      ------
.iar.init_table$$Base   0x000002a4          --   Gb  - Linker created -
.iar.init_table$$Limit  0x000002b8          --   Gb  - Linker created -
?main                   0x000002b9         Code  Gb  cmain.o [5]
Default_Handler         0x00000301    0x2  Code  Lc  startup_msp432e401y_ewarm.o [1]
Region$$Table$$Base     0x000002a4          --   Gb  - Linker created -
Region$$Table$$Limit    0x000002b8          --   Gb  - Linker created -
SystemCoreClock         0x20000000    0x4  Data  Gb  system_msp432e401y.o [1]
SystemInit              0x0000025d   0x14  Code  Gb  system_msp432e401y.o [1]
__cmain                 0x000002b9         Code  Gb  cmain.o [5]
__exit                  0x000002ed   0x14  Code  Gb  exit.o [6]
__iar_copy_init3        0x00000209   0x2c  Code  Gb  copy_init3.o [5]
__iar_data_init3        0x00000235   0x28  Code  Gb  data_init.o [5]
__iar_init_vfp          0x00000281         Code  Gb  fpinit_M.o [4]
__iar_program_start     0x0000030f         Code  Gb  cstartup_M.o [5]
__iar_systems$$module {Abs}
                        0x00000001         Data  Gb  command line/config [2]
__low_level_init        0x000002d7    0x4  Code  Gb  low_level_init.o [3]
__vector_table          0x00000000  0x208  Data  Gb  startup_msp432e401y_ewarm.o [1]
_call_main              0x000002c5         Code  Gb  cmain.o [5]
_exit                   0x000002e1         Code  Gb  cexit.o [5]
_main                   0x000002d3         Code  Gb  cmain.o [5]
exit                    0x000002dd    0x4  Code  Gb  exit.o [3]
main                    0x000002db    0x2  Code  Gb  main.o [1]
systemStack             0x20000004  0x400  Data  Lc  startup_msp432e401y_ewarm.o [1]


[1] = D:\Desktop\DY_chassis\DY_CAR_EMPTY\Debug\Obj
[2] = command line
[3] = dl7M_tln.a
[4] = m7M_tls.a
[5] = rt7M_tl.a
[6] = shb_l.a

    252 bytes of readonly  code memory
    548 bytes of readonly  data memory
  1 028 bytes of readwrite data memory

Errors: none
Warnings: none
